// Vitest Snapshot v1, https://vitest.dev/guide/snapshot.html

exports[`App > should render users 1`] = `
<div>
  <div>
    <b>
      ID:
    </b>
     
    <span>
      1
    </span>
     
    <br />
    <b>
      Username: 
    </b>
    <span>
      John
    </span>
    <br />
    <b>
      Email: 
    </b>
    <span>
      john@gmail.com
    </span>
    <br />
    <div>
      <button
        data-testid="edit-btn-1"
      >
        Edit
      </button>
      <button
        data-testid="delete-btn-1"
      >
        Delete
      </button>
    </div>
    <hr />
  </div>
  <div>
    <b>
      ID:
    </b>
     
    <span>
      2
    </span>
     
    <br />
    <b>
      Username: 
    </b>
    <span>
      Michael
    </span>
    <br />
    <b>
      Email: 
    </b>
    <span>
      michael@gmail.com
    </span>
    <br />
    <div>
      <button
        data-testid="edit-btn-2"
      >
        Edit
      </button>
      <button
        data-testid="delete-btn-2"
      >
        Delete
      </button>
    </div>
    <hr />
  </div>
</div>
`;
